
Running 3 tests using 3 workers

  ?? 1 [chromium] ??e2e\home.spec.ts:9:7 ??Home Page ??should have a search input and button (793ms)
  ?? 3 [chromium] ??e2e\home.spec.ts:4:7 ??Home Page ??should load the home page and show the title (874ms)
  ?? 2 [chromium] ??e2e\home.spec.ts:17:7 ??Home Page ??sidebar should show account status (852ms)


  1) [chromium] ??e2e\home.spec.ts:4:7 ??Home Page ??should load the home page and show the title ??

    Error: [2mexpect([22m[31mlocator[39m[2m).[22mtoContainText[2m([22m[32mexpected[39m[2m)[22m failed

    Locator: locator('h1')
    Expected substring: [32m"AI 二쇱떇 遺꾩꽍 ?꾧뎄"[39m
    Error: strict mode violation: locator('h1') resolved to 2 elements:
        1) <h1 class="text-xl font-bold">ChartTool AI</h1> aka getByRole('heading', { name: 'ChartTool AI' })
        2) <h1 class="text-3xl font-bold">AI 二쇱떇 遺꾩꽍 ?꾧뎄</h1> aka getByRole('heading', { name: 'AI 二쇱떇 遺꾩꽍 ?꾧뎄' })

    Call log:
    [2m  - Expect "toContainText" with timeout 5000ms[22m
    [2m  - waiting for locator('h1')[22m


      4 |   test('should load the home page and show the title', async ({ page }) => {
      5 |     await page.goto('/');
    > 6 |     await expect(page.locator('h1')).toContainText('AI 二쇱떇 遺꾩꽍 ?꾧뎄');
        |                                      ^
      7 |   });
      8 |
      9 |   test('should have a search input and button', async ({ page }) => {
        at D:\workspace_cli\ChartTool\nextjs\e2e\home.spec.ts:6:38

    Error Context: test-results\home-Home-Page-should-load-the-home-page-and-show-the-title-chromium\error-context.md

  2) [chromium] ??e2e\home.spec.ts:17:7 ??Home Page ??sidebar should show account status ???????????

    Error: [2mexpect([22m[31mlocator[39m[2m).[22mtoContainText[2m([22m[32mexpected[39m[2m)[22m failed

    Locator: locator('h2')
    Expected substring: [32m"怨꾩젙"[39m
    Error: strict mode violation: locator('h2') resolved to 3 elements:
        1) <h2 class="text-sm text-gray-400 font-semibold mb-4 uppercase">怨꾩젙</h2> aka getByRole('heading', { name: '怨꾩젙' })
        2) <h2 class="text-sm text-gray-400 font-semibold mb-4 uppercase">硫붾돱</h2> aka getByRole('heading', { name: '硫붾돱' })
        3) <h2 class="text-2xl font-semibold text-slate-300 mb-2">?ㅼ떆媛??쒖옣 ?곗씠?곕? ?뺤씤??蹂댁꽭??</h2> aka getByRole('heading', { name: '?ㅼ떆媛??쒖옣 ?곗씠?곕? ?뺤씤??蹂댁꽭?? })

    Call log:
    [2m  - Expect "toContainText" with timeout 5000ms[22m
    [2m  - waiting for locator('h2')[22m


      17 |   test('sidebar should show account status', async ({ page }) => {
      18 |     await page.goto('/');
    > 19 |     await expect(page.locator('h2')).toContainText('怨꾩젙');
         |                                      ^
      20 |     await expect(page.locator('button')).toContainText('Google 濡쒓렇??);
      21 |   });
      22 |
        at D:\workspace_cli\ChartTool\nextjs\e2e\home.spec.ts:19:38

    Error Context: test-results\home-Home-Page-sidebar-should-show-account-status-chromium\error-context.md

  2 failed
    [chromium] ??e2e\home.spec.ts:4:7 ??Home Page ??should load the home page and show the title ???
    [chromium] ??e2e\home.spec.ts:17:7 ??Home Page ??sidebar should show account status ????????????
  1 passed (5.2s)
